
> dodostream@0.3.0 test /Users/fabian/Projects/dodostream
> jest

watchman warning:  Recrawled this watch 19 times, most recently because:
MustScanSubDirs UserDroppedTo resolve, please review the information on
https://facebook.github.io/watchman/docs/troubleshooting.html#recrawl
To clear this warning, run:
`watchman watch-del '/Users/fabian/Projects/dodostream' ; watchman watch-project '/Users/fabian/Projects/dodostream'`

FAIL src/utils/__tests__/version.test.ts
  ● Test suite failed to run

    Cannot find module 'modules/mpv' from 'jest.setup.js'

      61 |
      62 |     const MpvView = React.forwardRef((props, ref) => {
    > 63 |         React.useImperativeHandle(ref, () => ({
         |               ^
      64 |             seek: jest.fn(),
      65 |             setVolume: jest.fn(),
      66 |             setRate: jest.fn(),

      at Resolver._throwModNotFoundError (node_modules/.pnpm/jest-resolve@29.7.0/node_modules/jest-resolve/build/resolver.js:427:11)
      at Object.<anonymous> (jest.setup.js:63:15)

FAIL src/hooks/__tests__/useContinueWatching.test.ts
  ● Test suite failed to run

    Cannot find module 'modules/mpv' from 'jest.setup.js'

      61 |
      62 |     const MpvView = React.forwardRef((props, ref) => {
    > 63 |         React.useImperativeHandle(ref, () => ({
         |               ^
      64 |             seek: jest.fn(),
      65 |             setVolume: jest.fn(),
      66 |             setRate: jest.fn(),

      at Resolver._throwModNotFoundError (node_modules/.pnpm/jest-resolve@29.7.0/node_modules/jest-resolve/build/resolver.js:427:11)
      at Object.<anonymous> (jest.setup.js:63:15)

FAIL src/store/__tests__/watch-history.store.test.ts
  ● Test suite failed to run

    Cannot find module 'modules/mpv' from 'jest.setup.js'

      61 |
      62 |     const MpvView = React.forwardRef((props, ref) => {
    > 63 |         React.useImperativeHandle(ref, () => ({
         |               ^
      64 |             seek: jest.fn(),
      65 |             setVolume: jest.fn(),
      66 |             setRate: jest.fn(),

      at Resolver._throwModNotFoundError (node_modules/.pnpm/jest-resolve@29.7.0/node_modules/jest-resolve/build/resolver.js:427:11)
      at Object.<anonymous> (jest.setup.js:63:15)

FAIL src/components/video/__tests__/VideoPlayer.test.tsx
  ● Test suite failed to run

    Cannot find module 'modules/mpv' from 'jest.setup.js'

      61 |
      62 |     const MpvView = React.forwardRef((props, ref) => {
    > 63 |         React.useImperativeHandle(ref, () => ({
         |               ^
      64 |             seek: jest.fn(),
      65 |             setVolume: jest.fn(),
      66 |             setRate: jest.fn(),

      at Resolver._throwModNotFoundError (node_modules/.pnpm/jest-resolve@29.7.0/node_modules/jest-resolve/build/resolver.js:427:11)
      at Object.<anonymous> (jest.setup.js:63:15)

FAIL src/components/media/__tests__/ContinueWatchingCard.test.tsx
  ● Test suite failed to run

    Cannot find module 'modules/mpv' from 'jest.setup.js'

      61 |
      62 |     const MpvView = React.forwardRef((props, ref) => {
    > 63 |         React.useImperativeHandle(ref, () => ({
         |               ^
      64 |             seek: jest.fn(),
      65 |             setVolume: jest.fn(),
      66 |             setRate: jest.fn(),

      at Resolver._throwModNotFoundError (node_modules/.pnpm/jest-resolve@29.7.0/node_modules/jest-resolve/build/resolver.js:427:11)
      at Object.<anonymous> (jest.setup.js:63:15)

FAIL src/utils/__tests__/subtitles.test.ts
  ● Test suite failed to run

    Cannot find module 'modules/mpv' from 'jest.setup.js'

      61 |
      62 |     const MpvView = React.forwardRef((props, ref) => {
    > 63 |         React.useImperativeHandle(ref, () => ({
         |               ^
      64 |             seek: jest.fn(),
      65 |             setVolume: jest.fn(),
      66 |             setRate: jest.fn(),

      at Resolver._throwModNotFoundError (node_modules/.pnpm/jest-resolve@29.7.0/node_modules/jest-resolve/build/resolver.js:427:11)
      at Object.<anonymous> (jest.setup.js:63:15)

FAIL src/utils/__tests__/format.test.ts
  ● Test suite failed to run

    Cannot find module 'modules/mpv' from 'jest.setup.js'

      61 |
      62 |     const MpvView = React.forwardRef((props, ref) => {
    > 63 |         React.useImperativeHandle(ref, () => ({
         |               ^
      64 |             seek: jest.fn(),
      65 |             setVolume: jest.fn(),
      66 |             setRate: jest.fn(),

      at Resolver._throwModNotFoundError (node_modules/.pnpm/jest-resolve@29.7.0/node_modules/jest-resolve/build/resolver.js:427:11)
      at Object.<anonymous> (jest.setup.js:63:15)

FAIL src/api/stremio/__tests__/hooks.test.ts
  ● Test suite failed to run

    Cannot find module 'modules/mpv' from 'jest.setup.js'

      61 |
      62 |     const MpvView = React.forwardRef((props, ref) => {
    > 63 |         React.useImperativeHandle(ref, () => ({
         |               ^
      64 |             seek: jest.fn(),
      65 |             setVolume: jest.fn(),
      66 |             setRate: jest.fn(),

      at Resolver._throwModNotFoundError (node_modules/.pnpm/jest-resolve@29.7.0/node_modules/jest-resolve/build/resolver.js:427:11)
      at Object.<anonymous> (jest.setup.js:63:15)

FAIL src/hooks/__tests__/useAutoPlay.test.ts
  ● Test suite failed to run

    Cannot find module 'modules/mpv' from 'jest.setup.js'

      61 |
      62 |     const MpvView = React.forwardRef((props, ref) => {
    > 63 |         React.useImperativeHandle(ref, () => ({
         |               ^
      64 |             seek: jest.fn(),
      65 |             setVolume: jest.fn(),
      66 |             setRate: jest.fn(),

      at Resolver._throwModNotFoundError (node_modules/.pnpm/jest-resolve@29.7.0/node_modules/jest-resolve/build/resolver.js:427:11)
      at Object.<anonymous> (jest.setup.js:63:15)

FAIL src/hooks/__tests__/useMediaNavigation.test.ts
  ● Test suite failed to run

    Cannot find module 'modules/mpv' from 'jest.setup.js'

      61 |
      62 |     const MpvView = React.forwardRef((props, ref) => {
    > 63 |         React.useImperativeHandle(ref, () => ({
         |               ^
      64 |             seek: jest.fn(),
      65 |             setVolume: jest.fn(),
      66 |             setRate: jest.fn(),

      at Resolver._throwModNotFoundError (node_modules/.pnpm/jest-resolve@29.7.0/node_modules/jest-resolve/build/resolver.js:427:11)
      at Object.<anonymous> (jest.setup.js:63:15)

FAIL src/components/media/__tests__/MediaCard.test.tsx
  ● Test suite failed to run

    Cannot find module 'modules/mpv' from 'jest.setup.js'

      61 |
      62 |     const MpvView = React.forwardRef((props, ref) => {
    > 63 |         React.useImperativeHandle(ref, () => ({
         |               ^
      64 |             seek: jest.fn(),
      65 |             setVolume: jest.fn(),
      66 |             setRate: jest.fn(),

      at Resolver._throwModNotFoundError (node_modules/.pnpm/jest-resolve@29.7.0/node_modules/jest-resolve/build/resolver.js:427:11)
      at Object.<anonymous> (jest.setup.js:63:15)

FAIL src/components/video/__tests__/VideoPlayerSession.test.tsx
  ● Test suite failed to run

    Cannot find module 'modules/mpv' from 'jest.setup.js'

      61 |
      62 |     const MpvView = React.forwardRef((props, ref) => {
    > 63 |         React.useImperativeHandle(ref, () => ({
         |               ^
      64 |             seek: jest.fn(),
      65 |             setVolume: jest.fn(),
      66 |             setRate: jest.fn(),

      at Resolver._throwModNotFoundError (node_modules/.pnpm/jest-resolve@29.7.0/node_modules/jest-resolve/build/resolver.js:427:11)
      at Object.<anonymous> (jest.setup.js:63:15)

FAIL src/components/video/__tests__/PlayerControls.test.tsx
  ● Test suite failed to run

    Cannot find module 'modules/mpv' from 'jest.setup.js'

      61 |
      62 |     const MpvView = React.forwardRef((props, ref) => {
    > 63 |         React.useImperativeHandle(ref, () => ({
         |               ^
      64 |             seek: jest.fn(),
      65 |             setVolume: jest.fn(),
      66 |             setRate: jest.fn(),

      at Resolver._throwModNotFoundError (node_modules/.pnpm/jest-resolve@29.7.0/node_modules/jest-resolve/build/resolver.js:427:11)
      at Object.<anonymous> (jest.setup.js:63:15)

FAIL src/utils/__tests__/player-errors.test.ts
  ● Test suite failed to run

    Cannot find module 'modules/mpv' from 'jest.setup.js'

      61 |
      62 |     const MpvView = React.forwardRef((props, ref) => {
    > 63 |         React.useImperativeHandle(ref, () => ({
         |               ^
      64 |             seek: jest.fn(),
      65 |             setVolume: jest.fn(),
      66 |             setRate: jest.fn(),

      at Resolver._throwModNotFoundError (node_modules/.pnpm/jest-resolve@29.7.0/node_modules/jest-resolve/build/resolver.js:427:11)
      at Object.<anonymous> (jest.setup.js:63:15)

Test Suites: 14 failed, 14 total
Tests:       0 total
Snapshots:   0 total
Time:        0.633 s
Ran all test suites.
 ELIFECYCLE  Test failed. See above for more details.
